W1005 16:32:48.871000 3499161 site-packages/torch/distributed/run.py:766] 
W1005 16:32:48.871000 3499161 site-packages/torch/distributed/run.py:766] *****************************************
W1005 16:32:48.871000 3499161 site-packages/torch/distributed/run.py:766] Setting OMP_NUM_THREADS environment variable for each process to be 1 in default, to avoid your system being overloaded, please further tune the variable for optimal performance in your application as needed. 
W1005 16:32:48.871000 3499161 site-packages/torch/distributed/run.py:766] *****************************************
Gym has been unmaintained since 2022 and does not support NumPy 2.0 amongst other critical functionality.
Please upgrade to Gymnasium, the maintained drop-in replacement of Gym, or contact the authors of your software and request that they upgrade.
Users of this version of Gym should be able to simply replace 'import gym' with 'import gymnasium as gym' in the vast majority of cases.
See the migration guide at https://gymnasium.farama.org/introduction/migration_guide/ for additional information.
Gym has been unmaintained since 2022 and does not support NumPy 2.0 amongst other critical functionality.
Please upgrade to Gymnasium, the maintained drop-in replacement of Gym, or contact the authors of your software and request that they upgrade.
Users of this version of Gym should be able to simply replace 'import gym' with 'import gymnasium as gym' in the vast majority of cases.
See the migration guide at https://gymnasium.farama.org/introduction/migration_guide/ for additional information.
Gym has been unmaintained since 2022 and does not support NumPy 2.0 amongst other critical functionality.
Please upgrade to Gymnasium, the maintained drop-in replacement of Gym, or contact the authors of your software and request that they upgrade.
Users of this version of Gym should be able to simply replace 'import gym' with 'import gymnasium as gym' in the vast majority of cases.
See the migration guide at https://gymnasium.farama.org/introduction/migration_guide/ for additional information.
Gym has been unmaintained since 2022 and does not support NumPy 2.0 amongst other critical functionality.
Please upgrade to Gymnasium, the maintained drop-in replacement of Gym, or contact the authors of your software and request that they upgrade.
Users of this version of Gym should be able to simply replace 'import gym' with 'import gymnasium as gym' in the vast majority of cases.
See the migration guide at https://gymnasium.farama.org/introduction/migration_guide/ for additional information.
pybullet build time: Jan 29 2025 23:16:28
pybullet build time: Jan 29 2025 23:16:28
pybullet build time: Jan 29 2025 23:16:28
pybullet build time: Jan 29 2025 23:16:28
Start running on rank=2
Start running on rank=1
Start running on rank=0
Start running on rank=3
[2m2026-10-05 16:33.24[0m [[32m[1minfo     [0m] [1mSignatures have been automatically determined.[0m [36maction_signature[0m=[35mSignature(dtype=[dtype('float64')], shape=[(4,)])[0m [36mdistributed[0m=[35mDistributedWorkerInfo(rank=0, backend='gloo', world_size=4)[0m [36mobservation_signature[0m=[35mSignature(dtype=[dtype('float64')], shape=[(21,)])[0m [36mreward_signature[0m=[35mSignature(dtype=[dtype('float64')], shape=[(1,)])[0m
[2m2026-10-05 16:33.24[0m [[32m[1minfo     [0m] [1mAction size has been automatically determined.[0m [36maction_size[0m=[35m4[0m [36mdistributed[0m=[35mDistributedWorkerInfo(rank=0, backend='gloo', world_size=4)[0m
[2m2026-10-05 16:33.24[0m [[32m[1minfo     [0m] [1mSignatures have been automatically determined.[0m [36maction_signature[0m=[35mSignature(dtype=[dtype('float64')], shape=[(4,)])[0m [36mdistributed[0m=[35mDistributedWorkerInfo(rank=1, backend='gloo', world_size=4)[0m [36mobservation_signature[0m=[35mSignature(dtype=[dtype('float64')], shape=[(21,)])[0m [36mreward_signature[0m=[35mSignature(dtype=[dtype('float64')], shape=[(1,)])[0m
[2m2026-10-05 16:33.24[0m [[32m[1minfo     [0m] [1mAction size has been automatically determined.[0m [36maction_size[0m=[35m4[0m [36mdistributed[0m=[35mDistributedWorkerInfo(rank=1, backend='gloo', world_size=4)[0m
[2m2026-10-05 16:33.24[0m [[32m[1minfo     [0m] [1mSignatures have been automatically determined.[0m [36maction_signature[0m=[35mSignature(dtype=[dtype('float64')], shape=[(4,)])[0m [36mdistributed[0m=[35mDistributedWorkerInfo(rank=2, backend='gloo', world_size=4)[0m [36mobservation_signature[0m=[35mSignature(dtype=[dtype('float64')], shape=[(21,)])[0m [36mreward_signature[0m=[35mSignature(dtype=[dtype('float64')], shape=[(1,)])[0m
[2m2026-10-05 16:33.24[0m [[32m[1minfo     [0m] [1mAction size has been automatically determined.[0m [36maction_size[0m=[35m4[0m [36mdistributed[0m=[35mDistributedWorkerInfo(rank=2, backend='gloo', world_size=4)[0m
[2m2026-10-05 16:33.26[0m [[32m[1minfo     [0m] [1mSignatures have been automatically determined.[0m [36maction_signature[0m=[35mSignature(dtype=[dtype('float64')], shape=[(4,)])[0m [36mdistributed[0m=[35mDistributedWorkerInfo(rank=3, backend='gloo', world_size=4)[0m [36mobservation_signature[0m=[35mSignature(dtype=[dtype('float64')], shape=[(21,)])[0m [36mreward_signature[0m=[35mSignature(dtype=[dtype('float64')], shape=[(1,)])[0m
[2m2026-10-05 16:33.26[0m [[32m[1minfo     [0m] [1mAction size has been automatically determined.[0m [36maction_size[0m=[35m4[0m [36mdistributed[0m=[35mDistributedWorkerInfo(rank=3, backend='gloo', world_size=4)[0m
argv[0]=
[A                             [A
argv[0]=
[A                             [A
argv[0]=
[A                             [A
argv[0]=
[A                             [A
models/QuadX-Hover-v4/dataset-14-combined-v0/model_2000000.d3
[rank1]: Traceback (most recent call last):
[rank1]:   File "/data2/home/gideont/code/alt_offline/ppo_online_finetuning.py", line 125, in <module>
[rank1]:     main(**vars(ARGS))
[rank1]:   File "/data2/home/gideont/code/alt_offline/ppo_online_finetuning.py", line 80, in main
[rank1]:     ag, algo_str = get_model(training_algo, batch_size, env, save_path, device)
[rank1]:   File "/data2/home/gideont/code/alt_offline/ppo_online_finetuning.py", line 48, in get_model
[rank1]:     ag.load_model(save_path)
[rank1]:   File "/data2/home/gideont/miniconda3/envs/ofrl/lib/python3.10/site-packages/d3rlpy/base.py", line 273, in load_model
[rank1]:     with open(fname, "rb") as f:
[rank1]: FileNotFoundError: [Errno 2] No such file or directory: 'models/QuadX-Hover-v4/dataset-14-combined-v0/model_2000000.d3'
models/QuadX-Hover-v4/dataset-14-combined-v0/model_2000000.d3
[rank0]: Traceback (most recent call last):
[rank0]:   File "/data2/home/gideont/code/alt_offline/ppo_online_finetuning.py", line 125, in <module>
[rank0]:     main(**vars(ARGS))
[rank0]:   File "/data2/home/gideont/code/alt_offline/ppo_online_finetuning.py", line 80, in main
[rank0]:     ag, algo_str = get_model(training_algo, batch_size, env, save_path, device)
[rank0]:   File "/data2/home/gideont/code/alt_offline/ppo_online_finetuning.py", line 48, in get_model
[rank0]:     ag.load_model(save_path)
[rank0]:   File "/data2/home/gideont/miniconda3/envs/ofrl/lib/python3.10/site-packages/d3rlpy/base.py", line 273, in load_model
[rank0]:     with open(fname, "rb") as f:
[rank0]: FileNotFoundError: [Errno 2] No such file or directory: 'models/QuadX-Hover-v4/dataset-14-combined-v0/model_2000000.d3'
models/QuadX-Hover-v4/dataset-14-combined-v0/model_2000000.d3
[rank2]: Traceback (most recent call last):
[rank2]:   File "/data2/home/gideont/code/alt_offline/ppo_online_finetuning.py", line 125, in <module>
[rank2]:     main(**vars(ARGS))
[rank2]:   File "/data2/home/gideont/code/alt_offline/ppo_online_finetuning.py", line 80, in main
[rank2]:     ag, algo_str = get_model(training_algo, batch_size, env, save_path, device)
[rank2]:   File "/data2/home/gideont/code/alt_offline/ppo_online_finetuning.py", line 48, in get_model
[rank2]:     ag.load_model(save_path)
[rank2]:   File "/data2/home/gideont/miniconda3/envs/ofrl/lib/python3.10/site-packages/d3rlpy/base.py", line 273, in load_model
[rank2]:     with open(fname, "rb") as f:
[rank2]: FileNotFoundError: [Errno 2] No such file or directory: 'models/QuadX-Hover-v4/dataset-14-combined-v0/model_2000000.d3'
models/QuadX-Hover-v4/dataset-14-combined-v0/model_2000000.d3
[rank3]: Traceback (most recent call last):
[rank3]:   File "/data2/home/gideont/code/alt_offline/ppo_online_finetuning.py", line 125, in <module>
[rank3]:     main(**vars(ARGS))
[rank3]:   File "/data2/home/gideont/code/alt_offline/ppo_online_finetuning.py", line 80, in main
[rank3]:     ag, algo_str = get_model(training_algo, batch_size, env, save_path, device)
[rank3]:   File "/data2/home/gideont/code/alt_offline/ppo_online_finetuning.py", line 48, in get_model
[rank3]:     ag.load_model(save_path)
[rank3]:   File "/data2/home/gideont/miniconda3/envs/ofrl/lib/python3.10/site-packages/d3rlpy/base.py", line 273, in load_model
[rank3]:     with open(fname, "rb") as f:
[rank3]: FileNotFoundError: [Errno 2] No such file or directory: 'models/QuadX-Hover-v4/dataset-14-combined-v0/model_2000000.d3'
W1005 16:33:37.730000 3499161 site-packages/torch/distributed/elastic/multiprocessing/api.py:900] Sending process 3499243 closing signal SIGTERM
W1005 16:33:37.731000 3499161 site-packages/torch/distributed/elastic/multiprocessing/api.py:900] Sending process 3499245 closing signal SIGTERM
W1005 16:33:37.732000 3499161 site-packages/torch/distributed/elastic/multiprocessing/api.py:900] Sending process 3499246 closing signal SIGTERM
E1005 16:33:38.161000 3499161 site-packages/torch/distributed/elastic/multiprocessing/api.py:874] failed (exitcode: 1) local_rank: 1 (pid: 3499244) of binary: /data2/home/gideont/miniconda3/envs/ofrl/bin/python3
Traceback (most recent call last):
  File "/data2/home/gideont/miniconda3/envs/ofrl/bin/torchrun", line 10, in <module>
    sys.exit(main())
  File "/data2/home/gideont/miniconda3/envs/ofrl/lib/python3.10/site-packages/torch/distributed/elastic/multiprocessing/errors/__init__.py", line 355, in wrapper
    return f(*args, **kwargs)
  File "/data2/home/gideont/miniconda3/envs/ofrl/lib/python3.10/site-packages/torch/distributed/run.py", line 892, in main
    run(args)
  File "/data2/home/gideont/miniconda3/envs/ofrl/lib/python3.10/site-packages/torch/distributed/run.py", line 883, in run
    elastic_launch(
  File "/data2/home/gideont/miniconda3/envs/ofrl/lib/python3.10/site-packages/torch/distributed/launcher/api.py", line 139, in __call__
    return launch_agent(self._config, self._entrypoint, list(args))
  File "/data2/home/gideont/miniconda3/envs/ofrl/lib/python3.10/site-packages/torch/distributed/launcher/api.py", line 270, in launch_agent
    raise ChildFailedError(
torch.distributed.elastic.multiprocessing.errors.ChildFailedError: 
============================================================
ppo_online_finetuning.py FAILED
------------------------------------------------------------
Failures:
  <NO_OTHER_FAILURES>
------------------------------------------------------------
Root Cause (first observed failure):
[0]:
  time      : 2026-10-05_16:33:37
  host      : lilavathi
  rank      : 1 (local_rank: 1)
  exitcode  : 1 (pid: 3499244)
  error_file: <N/A>
  traceback : To enable traceback see: https://pytorch.org/docs/stable/elastic/errors.html
============================================================
